2026-08-18 18:47:55,538 INFO  [main] - Starting UserServiceApplication using Java 17.0.12 with PID 2732 (C:\Users\DELL\Documents\WORKSPACE\ecom-app\user-service\target\classes started by DELL in C:\Users\DELL\Documents\WORKSPACE\ecom-app\user-service)
2026-08-18 18:47:55,544 INFO  [main] - No active profile set, falling back to 1 default profile: "default"
2026-08-18 18:47:55,856 INFO  [background-preinit] - HV000001: Hibernate Validator 9.0.1.Final
2026-08-18 18:47:56,503 INFO  [main] - Bootstrapping Spring Data JPA repositories in DEFAULT mode.
2026-08-18 18:47:56,685 INFO  [main] - Finished Spring Data repository scanning in 172 ms. Found 4 JPA repository interfaces.
2026-08-18 18:47:56,927 INFO  [main] - BeanFactory id=62991b6f-b382-3b33-b043-504c55db7fda
2026-08-18 18:47:57,404 INFO  [main] - Tomcat initialized with port 9020 (http)
2026-08-18 18:47:57,414 INFO  [main] - Initializing ProtocolHandler ["http-nio-9020"]
2026-08-18 18:47:57,417 INFO  [main] - Starting service [Tomcat]
2026-08-18 18:47:57,417 INFO  [main] - Starting Servlet engine: [Apache Tomcat/11.0.22]
2026-08-18 18:47:57,485 INFO  [main] - Root WebApplicationContext: initialization completed in 1861 ms
2026-08-18 18:47:57,651 INFO  [main] - HHH008540: Processing PersistenceUnitInfo [name: default]
2026-08-18 18:47:57,720 INFO  [main] - HHH000001: Hibernate ORM core version 7.2.19.Final
2026-08-18 18:47:58,220 INFO  [main] - No LoadTimeWeaver setup: ignoring JPA class transformer
2026-08-18 18:47:58,255 INFO  [main] - HikariPool-1 - Starting...
2026-08-18 18:47:58,468 INFO  [main] - HikariPool-1 - Added connection com.mysql.cj.jdbc.ConnectionImpl@6d92e327
2026-08-18 18:47:58,470 INFO  [main] - HikariPool-1 - Start completed.
2026-08-18 18:47:58,533 WARN  [main] - HHH90000025: MySQLDialect does not need to be specified explicitly using 'hibernate.dialect' (remove the property setting and it will be selected by default)
2026-08-18 18:47:58,558 INFO  [main] - HHH10001005: Database info:
	Database JDBC URL [jdbc:mysql://localhost:3306/ecom_users?useSSL=false&serverTimezone=UTC&allowPublicKeyRetrieval=true]
	Database driver: MySQL Connector/J
	Database dialect: MySQLDialect
	Database version: 8.0.46
	Default catalog/schema: ecom_users/undefined
	Autocommit mode: undefined/unknown
	Isolation level: REPEATABLE_READ [default REPEATABLE_READ]
	JDBC fetch size: none
	Pool: DataSourceConnectionProvider
	Minimum pool size: undefined/unknown
	Maximum pool size: undefined/unknown
2026-08-18 18:47:59,697 INFO  [main] - HHH000489: No JTA platform available (set 'hibernate.transaction.jta.platform' to enable JTA platform integration)
2026-08-18 18:47:59,706 INFO  [main] - Initialized JPA EntityManagerFactory for persistence unit 'default'
2026-08-18 18:47:59,784 INFO  [main] - Hibernate is in classpath; If applicable, HQL parser will be used.
2026-08-18 18:48:00,530 WARN  [main] - spring.jpa.open-in-view is enabled by default. Therefore, database queries may be performed during view rendering. Explicitly configure spring.jpa.open-in-view to disable this warning
2026-08-18 18:48:01,036 INFO  [main] - Eureka HTTP Client uses RestClient.
2026-08-18 18:48:01,066 WARN  [main] - Spring Cloud LoadBalancer is currently working with the default cache. While this cache implementation is useful for development and tests, it's recommended to use Caffeine cache in production.You can switch to using Caffeine cache, by adding it and org.springframework.cache.caffeine.CaffeineCacheManager to the classpath.
2026-08-18 18:48:01,086 INFO  [main] - Setting initial instance status as: STARTING
2026-08-18 18:48:01,107 INFO  [main] - Initializing Eureka in region us-east-1
2026-08-18 18:48:01,110 INFO  [main] - Resolving eureka endpoints via configuration
2026-08-18 18:48:01,119 INFO  [main] - Disable delta property : false
2026-08-18 18:48:01,119 INFO  [main] - Single vip registry refresh property : null
2026-08-18 18:48:01,119 INFO  [main] - Force full registry fetch : false
2026-08-18 18:48:01,119 INFO  [main] - Application is null : false
2026-08-18 18:48:01,119 INFO  [main] - Registered Applications size is zero : true
2026-08-18 18:48:01,119 INFO  [main] - Application version is -1: true
2026-08-18 18:48:01,120 INFO  [main] - Getting all instance registry info from the eureka server
2026-08-18 18:48:01,503 INFO  [main] - The response status is 200
2026-08-18 18:48:01,509 INFO  [main] - Starting heartbeat executor: renew interval is: 30
2026-08-18 18:48:01,511 INFO  [main] - InstanceInfoReplicator onDemand update allowed rate per min is 4
2026-08-18 18:48:01,515 INFO  [main] - Discovery Client initialized at timestamp 1787059081513 with initial instances count: 2
2026-08-18 18:48:01,520 INFO  [main] - Registering application USER-SERVICE with eureka with status UP
2026-08-18 18:48:01,520 INFO  [main] - Saw local status change event StatusChangeEvent [timestamp=1787059081520, current=UP, previous=STARTING]
2026-08-18 18:48:01,522 INFO  [main] - Starting ProtocolHandler ["http-nio-9020"]
2026-08-18 18:48:01,522 INFO  [DiscoveryClient-InstanceInfoReplicator-%d] - DiscoveryClient_USER-SERVICE/DESKTOP-JNJVUBM:user-service:9020: registering service...
2026-08-18 18:48:01,558 INFO  [main] - Tomcat started on port 9020 (http) with context path '/'
2026-08-18 18:48:01,559 INFO  [main] - Updating port to 9020
2026-08-18 18:48:01,578 INFO  [DiscoveryClient-InstanceInfoReplicator-%d] - DiscoveryClient_USER-SERVICE/DESKTOP-JNJVUBM:user-service:9020 - registration status: 204
2026-08-18 18:48:01,664 INFO  [main] - Started UserServiceApplication in 7.019 seconds (process running for 8.12)
2026-08-18 18:53:01,124 INFO  [AsyncResolver-bootstrap-executor-%d] - Resolving eureka endpoints via configuration
